- One or more packages recorded in the lockfile are not installed.
- Use `]8;;x-r-run:renv::status()renv::status()]8;;` for more details.
ano=2013 res=2 in=   10 | orig=    2.69s novo=  0.045s | speedup=  59.8x | dF001=+289.96% | NA o/n=0/0
ano=2013 res=3 in=   18 | orig=    2.20s novo=  0.030s | speedup=  73.2x | dF001=+66.33% | NA o/n=0/0
ano=2013 res=4 in=   55 | orig=    2.65s novo=  0.040s | speedup=  66.4x | dF001=+25.19% | NA o/n=0/0
ano=2013 res=5 in=  208 | orig=    3.35s novo=  0.055s | speedup=  60.8x | dF001= +4.54% | NA o/n=0/0
ano=2013 res=6 in=  691 | orig=    6.28s novo=  0.110s | speedup=  57.1x | dF001= +0.10% | NA o/n=12/12
ano=2013 res=7 in= 1621 | orig=   11.16s novo=  0.210s | speedup=  53.1x | dF001= +0.01% | NA o/n=57/57
ano=2013 res=8 in= 4106 | orig=   25.88s novo=  0.495s | speedup=  52.3x | dF001= +0.00% | NA o/n=75/75
ano=2013 res=9 in=10338 | orig=   63.36s novo=  1.080s | speedup=  58.7x | dF001= +0.00% | NA o/n=89/89
ano=2023 res=2 in=    9 | orig=    2.24s novo=  0.050s | speedup=  44.9x | dF001=+285.51% | NA o/n=0/0
ano=2023 res=3 in=   17 | orig=    2.34s novo=  0.030s | speedup=  78.0x | dF001=+66.22% | NA o/n=0/0
ano=2023 res=4 in=   52 | orig=    2.47s novo=  0.040s | speedup=  61.6x | dF001=+23.46% | NA o/n=0/0
ano=2023 res=5 in=  204 | orig=    3.34s novo=  0.065s | speedup=  51.4x | dF001= +4.65% | NA o/n=0/0
ano=2023 res=6 in=  686 | orig=    6.10s novo=  0.125s | speedup=  48.8x | dF001= +0.14% | NA o/n=15/15
ano=2023 res=7 in= 1646 | orig=   11.20s novo=  0.205s | speedup=  54.7x | dF001= +0.02% | NA o/n=56/56
ano=2023 res=8 in= 4311 | orig=   26.21s novo=  0.490s | speedup=  53.5x | dF001= +0.00% | NA o/n=73/73
ano=2023 res=9 in=10968 | orig=   65.42s novo=  1.190s | speedup=  55.0x | dF001= +0.00% | NA o/n=88/88

===================== COMPARACAO CENSURA =====================
      ano h3_res linhas_entrada orig_media_s novo_media_s  speedup orig_linhas
    <num>  <int>          <int>        <num>        <num>    <num>       <int>
 1:  2013      2             10        2.690        0.045 59.77778          10
 2:  2013      3             18        2.195        0.030 73.16667          18
 3:  2013      4             55        2.655        0.040 66.37500          55
 4:  2013      5            208        3.345        0.055 60.81818         203
 5:  2013      6            691        6.280        0.110 57.09091         582
 6:  2013      7           1621       11.160        0.210 53.14286        1282
 7:  2013      8           4106       25.880        0.495 52.28283        3160
 8:  2013      9          10338       63.360        1.080 58.66667        6692
 9:  2023      2              9        2.245        0.050 44.90000           9
10:  2023      3             17        2.340        0.030 78.00000          17
11:  2023      4             52        2.465        0.040 61.62500          52
12:  2023      5            204        3.340        0.065 51.38462         198
13:  2023      6            686        6.095        0.125 48.76000         593
14:  2023      7           1646       11.205        0.205 54.65854        1345
15:  2023      8           4311       26.205        0.490 53.47959        3367
16:  2023      9          10968       65.420        1.190 54.97479        7114
    novo_linhas orig_F001 novo_F001 dif_F001_pct orig_NA_addr novo_NA_addr
          <int>     <int>     <int>        <num>        <int>        <int>
 1:          10    946331    242674 289.95978144            0            0
 2:          18    403634    242673  66.32835132            0            0
 3:          54    303790    242670  25.18646722            0            0
 4:         200    253664    242647   4.54034049            0            0
 5:         581    242573    242321   0.10399429           12           12
 6:        1283    241233    241197   0.01492556           57           57
 7:        3160    239015    239015   0.00000000           75           75
 8:        6692    230999    230999   0.00000000           89           89
 9:           9    967105    250863 285.51121528            0            0
10:          17    416990    250862  66.22286357            0            0
11:          52    309701    250858  23.45669662            0            0
12:         198    262497    250831   4.65094027            0            0
13:         593    250910    250569   0.13609026           15           15
14:        1345    249614    249575   0.01562657           56           56
15:        3367    247445    247445   0.00000000           73           73
16:        7114    239239    239239   0.00000000           88           88

[TOTAL censura] orig = 236.9s | otimizada = 4.26s | speedup global = 55.6x
[ok] salvo em data/otimizacao/comparacao_censura.csv
