- One or more packages recorded in the lockfile are not installed.
- Use `]8;;x-r-run:renv::status()renv::status()]8;;` for more details.
ano=2013 res=2 in=   10 | orig=    2.06s novo=  0.040s | speedup=  51.5x | dF001=+289.96% | NA o/n=0/0
ano=2013 res=3 in=   18 | orig=    1.76s novo=  0.035s | speedup=  50.1x | dF001=+66.33% | NA o/n=0/0
ano=2013 res=4 in=   55 | orig=    1.95s novo=  0.030s | speedup=  64.8x | dF001=+25.19% | NA o/n=0/0
ano=2013 res=5 in=  208 | orig=    2.71s novo=  0.040s | speedup=  67.8x | dF001= +4.54% | NA o/n=0/0
ano=2013 res=6 in=  691 | orig=    5.45s novo=  0.100s | speedup=  54.5x | dF001= +0.10% | NA o/n=12/12
ano=2013 res=7 in= 1621 | orig=    9.58s novo=  0.185s | speedup=  51.8x | dF001= +0.01% | NA o/n=57/57
ano=2013 res=8 in= 4106 | orig=   22.64s novo=  0.450s | speedup=  50.3x | dF001= +0.00% | NA o/n=75/75
ano=2013 res=9 in=10338 | orig=   58.47s novo=  1.080s | speedup=  54.1x | dF001= +0.00% | NA o/n=89/89
ano=2023 res=2 in=    9 | orig=    1.78s novo=  0.035s | speedup=  50.9x | dF001=+285.51% | NA o/n=0/0
ano=2023 res=3 in=   17 | orig=    1.89s novo=  0.030s | speedup=  63.0x | dF001=+66.22% | NA o/n=0/0
ano=2023 res=4 in=   52 | orig=    2.08s novo=  0.040s | speedup=  51.9x | dF001=+23.46% | NA o/n=0/0
ano=2023 res=5 in=  204 | orig=    2.70s novo=  0.045s | speedup=  60.0x | dF001= +4.65% | NA o/n=0/0
ano=2023 res=6 in=  686 | orig=    5.21s novo=  0.095s | speedup=  54.8x | dF001= +0.14% | NA o/n=15/15
ano=2023 res=7 in= 1646 | orig=    9.75s novo=  0.190s | speedup=  51.3x | dF001= +0.02% | NA o/n=56/56
ano=2023 res=8 in= 4311 | orig=   24.73s novo=  0.470s | speedup=  52.6x | dF001= +0.00% | NA o/n=73/73
ano=2023 res=9 in=10968 | orig=   62.46s novo=  1.095s | speedup=  57.0x | dF001= +0.00% | NA o/n=88/88

===================== COMPARACAO CENSURA =====================
      ano h3_res linhas_entrada orig_media_s novo_media_s  speedup orig_linhas
    <num>  <int>          <int>        <num>        <num>    <num>       <int>
 1:  2013      2             10        2.060        0.040 51.50000          10
 2:  2013      3             18        1.755        0.035 50.14286          18
 3:  2013      4             55        1.945        0.030 64.83333          55
 4:  2013      5            208        2.710        0.040 67.75000         203
 5:  2013      6            691        5.455        0.100 54.55000         582
 6:  2013      7           1621        9.580        0.185 51.78378        1282
 7:  2013      8           4106       22.640        0.450 50.31111        3160
 8:  2013      9          10338       58.465        1.080 54.13426        6692
 9:  2023      2              9        1.780        0.035 50.85714           9
10:  2023      3             17        1.890        0.030 63.00000          17
11:  2023      4             52        2.075        0.040 51.87500          52
12:  2023      5            204        2.700        0.045 60.00000         198
13:  2023      6            686        5.205        0.095 54.78947         593
14:  2023      7           1646        9.750        0.190 51.31579        1345
15:  2023      8           4311       24.730        0.470 52.61702        3367
16:  2023      9          10968       62.460        1.095 57.04110        7114
    novo_linhas orig_F001 novo_F001 dif_F001_pct orig_NA_addr novo_NA_addr
          <int>     <int>     <int>        <num>        <int>        <int>
 1:          10    946331    242674 289.95978144            0            0
 2:          18    403634    242673  66.32835132            0            0
 3:          54    303790    242670  25.18646722            0            0
 4:         200    253664    242647   4.54034049            0            0
 5:         581    242573    242321   0.10399429           12           12
 6:        1283    241233    241197   0.01492556           57           57
 7:        3160    239015    239015   0.00000000           75           75
 8:        6692    230999    230999   0.00000000           89           89
 9:           9    967105    250863 285.51121528            0            0
10:          17    416990    250862  66.22286357            0            0
11:          52    309701    250858  23.45669662            0            0
12:         198    262497    250831   4.65094027            0            0
13:         593    250910    250569   0.13609026           15           15
14:        1345    249614    249575   0.01562657           56           56
15:        3367    247445    247445   0.00000000           73           73
16:        7114    239239    239239   0.00000000           88           88

[TOTAL censura] orig = 215.2s | otimizada = 3.96s | speedup global = 54.3x
[ok] salvo em data/otimizacao/comparacao_censura.csv
